Component: ARM Compiler 5.06 update 7 (build 960) Tool: armlink [4d3601]

==============================================================================

Section Cross References

    main.o(.text) refers to bsp_key.o(.text) for Key_Scan
    main.o(.text) refers to bsp_adc.o(.text) for ad_check
    main.o(.text) refers to nb_model.o(.text) for warn_flag_calculate
    main.o(.text) refers to bsp_nb.o(.text) for NB_TCP_TX
    main.o(.text) refers to ffltui.o(.text) for __aeabi_ui2f
    main.o(.text) refers to fdiv.o(.text) for __aeabi_fdiv
    main.o(.text) refers to f2d.o(.text) for __aeabi_f2d
    main.o(.text) refers to dmul.o(.text) for __aeabi_dmul
    main.o(.text) refers to d2f.o(.text) for __aeabi_d2f
    main.o(.text) refers to fmul.o(.text) for __aeabi_fmul
    main.o(.text) refers to dadd.o(.text) for __aeabi_dsub
    main.o(.text) refers to ddiv.o(.text) for __aeabi_ddiv
    main.o(.text) refers to dfixui.o(.text) for __aeabi_d2uiz
    main.o(.text) refers to bsp_usart5.o(.text) for yydidianliang
    main.o(.text) refers to cdcmple.o(.text) for __aeabi_cdcmple
    main.o(.text) refers to delay.o(.text) for delay_ms
    main.o(.text) refers to stm32f10x_gpio.o(.text) for GPIO_ResetBits
    main.o(.text) refers to stm32f10x_rcc.o(.text) for RCC_GetClocksFreq
    main.o(.text) refers to flash.o(.text) for read_from_flash
    main.o(.text) refers to bsp_led.o(.text) for LED_GPIO_Config
    main.o(.text) refers to system_stm32f10x.o(.text) for SystemInit
    main.o(.text) refers to misc.o(.text) for NVIC_PriorityGroupConfig
    main.o(.text) refers to rl_control.o(.text) for CONTROL_GPIO_Config
    main.o(.text) refers to bsp_generaltim.o(.text) for get_adc0_val
    main.o(.text) refers to height.o(.text) for UART5_Config
    main.o(.text) refers to main.o(.data) for flag
    main.o(.text) refers to stm32f10x_it.o(.data) for baojing_kakou_flag
    main.o(.text) refers to flash.o(.bss) for peizhi
    main.o(.text) refers to bsp_nb.o(.data) for sszcsj_time_flag
    main.o(.text) refers to nb_model.o(.data) for timersc_Value
    main.o(.text) refers to bsp_adc.o(.data) for ADC_Convert
    main.o(.text) refers to main.o(.bss) for voltage_value
    main.o(.text) refers to bsp_usart5.o(.data) for nozitai_flag
    main.o(.text) refers to bsp_generaltim.o(.data) for ad_done_flag
    main.o(.text) refers to usart.o(.text) for uart_init
    stm32f10x_it.o(.text) refers to stm32f10x_usart.o(.text) for USART_GetFlagStatus
    stm32f10x_it.o(.text) refers to stm32f10x_exti.o(.text) for EXTI_GetITStatus
    stm32f10x_it.o(.text) refers to bsp_key.o(.text) for Key_Scan
    stm32f10x_it.o(.text) refers to stm32f10x_tim.o(.text) for TIM_GetITStatus
    stm32f10x_it.o(.text) refers to bsp_usart5.o(.text) for weixiangd
    stm32f10x_it.o(.text) refers to nb_model.o(.text) for chezaikongtiao_calculate
    stm32f10x_it.o(.text) refers to bsp_nb.o(.text) for NB_TCP_TX
    stm32f10x_it.o(.text) refers to bsp_nb.o(.bss) for nbioinfo
    stm32f10x_it.o(.text) refers to bsp_nb.o(.data) for ssbzw_flag
    stm32f10x_it.o(.text) refers to stm32f10x_it.o(.data) for time
    stm32f10x_it.o(.text) refers to main.o(.data) for key1_flag
    stm32f10x_it.o(.text) refers to nb_model.o(.data) for gd_jiesuo_key
    stm32f10x_it.o(.text) refers to flash.o(.bss) for peizhi
    stm32f10x_it.o(.text) refers to height.o(.data) for height
    stm32f10x_it.o(.text) refers to bsp_usart5.o(.data) for yy_h_flag
    stm32f10x_it.o(.text) refers to bsp_generaltim.o(.text) for sendBeforePowerdown
    system_stm32f10x.o(.text) refers to system_stm32f10x.o(.data) for SystemCoreClock
    nb_model.o(.text) refers to memseta.o(.text) for __aeabi_memclr
    nb_model.o(.text) refers to strcat.o(.text) for strcat
    nb_model.o(.text) refers to f2d.o(.text) for __aeabi_f2d
    nb_model.o(.text) refers to printfa.o(i.__0sprintf) for __2sprintf
    nb_model.o(.text) refers to nb_model.o(.bss) for fasongweidu
    nb_model.o(.text) refers to usart.o(.bss) for DMA_Rece_Buf
    nb_model.o(.text) refers to bsp_nb.o(.data) for nb_imei_number
    nb_model.o(.text) refers to nb_model.o(.data) for wendu
    nb_model.o(.text) refers to height.o(.data) for height
    nb_model.o(.text) refers to main.o(.data) for key4_flag
    nb_model.o(.text) refers to flash.o(.bss) for peizhi
    nb_model.o(.text) refers to stm32f10x_it.o(.data) for baojing_zitai_flag
    nb_model.o(.text) refers to bsp_nb.o(.text) for NB_TCP_TX
    nb_model.o(.text) refers to bsp_usart5.o(.text) for weixiangd
    nb_model.o(.text) refers to height.o(.text) for set_height_zero
    nb_model.o(.text) refers to strlen.o(.text) for strlen
    nb_model.o(.text) refers to bsp_usart5.o(.data) for nozitai_flag
    nb_model.o(.text) refers to strstr.o(.text) for strstr
    nb_model.o(.text) refers to strcpy.o(.text) for strcpy
    nb_model.o(.text) refers to bsp_key.o(.text) for Key_Scan
    nb_model.o(.text) refers to strncpy.o(.text) for strncpy
    nb_model.o(.text) refers to flash.o(.text) for write_to_flash
[...]
    _printf_e                                0x00000000   Number         0  stubs.o ABSOLUTE
    _printf_f                                0x00000000   Number         0  stubs.o ABSOLUTE
    _printf_flags                            0x00000000   Number         0  stubs.o ABSOLUTE
    _printf_fp_dec                           0x00000000   Number         0  stubs.o ABSOLUTE
    _printf_fp_hex                           0x00000000   Number         0  stubs.o ABSOLUTE
    _printf_g                                0x00000000   Number         0  stubs.o ABSOLUTE
    _printf_i                                0x00000000   Number         0  stubs.o ABSOLUTE
    _printf_int_dec                          0x00000000   Number         0  stubs.o ABSOLUTE
    _printf_l                                0x00000000   Number         0  stubs.o ABSOLUTE
    _printf_lc                               0x00000000   Number         0  stubs.o ABSOLUTE
    _printf_ll                               0x00000000   Number         0  stubs.o ABSOLUTE
    _printf_lld                              0x00000000   Number         0  stubs.o ABSOLUTE
    _printf_lli                              0x00000000   Number         0  stubs.o ABSOLUTE
    _printf_llo                              0x00000000   Number         0  stubs.o ABSOLUTE
    _printf_llu                              0x00000000   Number         0  stubs.o ABSOLUTE
    _printf_llx                              0x00000000   Number         0  stubs.o ABSOLUTE
    _printf_longlong_dec                     0x00000000   Number         0  stubs.o ABSOLUTE
    _printf_longlong_hex                     0x00000000   Number         0  stubs.o ABSOLUTE
    _printf_longlong_oct                     0x00000000   Number         0  stubs.o ABSOLUTE
    _printf_ls                               0x00000000   Number         0  stubs.o ABSOLUTE
    _printf_mbtowc                           0x00000000   Number         0  stubs.o ABSOLUTE
    _printf_n                                0x00000000   Number         0  stubs.o ABSOLUTE
    _printf_o                                0x00000000   Number         0  stubs.o ABSOLUTE
    _printf_p                                0x00000000   Number         0  stubs.o ABSOLUTE
    _printf_percent                          0x00000000   Number         0  stubs.o ABSOLUTE
    _printf_pre_padding                      0x00000000   Number         0  stubs.o ABSOLUTE
    _printf_return_value                     0x00000000   Number         0  stubs.o ABSOLUTE
    _printf_s                                0x00000000   Number         0  stubs.o ABSOLUTE
    _printf_sizespec                         0x00000000   Number         0  stubs.o ABSOLUTE
    _printf_str                              0x00000000   Number         0  stubs.o ABSOLUTE
    _printf_truncate_signed                  0x00000000   Number         0  stubs.o ABSOLUTE
    _printf_truncate_unsigned                0x00000000   Number         0  stubs.o ABSOLUTE
    _printf_u                                0x00000000   Number         0  stubs.o ABSOLUTE
    _printf_wc                               0x00000000   Number         0  stubs.o ABSOLUTE
    _printf_wctomb                           0x00000000   Number         0  stubs.o ABSOLUTE
    _printf_widthprec                        0x00000000   Number         0  stubs.o ABSOLUTE
    _printf_x                                0x00000000   Number         0  stubs.o ABSOLUTE
    __arm_fini_                               - Undefined Weak Reference
    __cpp_initialize__aeabi_                  - Undefined Weak Reference
    __cxa_finalize                            - Undefined Weak Reference
    _clock_init                               - Undefined Weak Reference
    _microlib_exit                            - Undefined Weak Reference
    __Vectors_Size                           0x00000130   Number         0  startup_stm32f10x_hd.o ABSOLUTE
    __Vectors                                0x08000000   Data           4  startup_stm32f10x_hd.o(RESET)
    __Vectors_End                            0x08000130   Data           0  startup_stm32f10x_hd.o(RESET)
    __main                                   0x08000131   Thumb Code     0  entry.o(.ARM.Collect$$$$00000000)
    _main_stk                                0x08000131   Thumb Code     0  entry2.o(.ARM.Collect$$$$00000001)
    _main_scatterload                        0x08000135   Thumb Code     0  entry5.o(.ARM.Collect$$$$00000004)
    __main_after_scatterload                 0x08000139   Thumb Code     0  entry5.o(.ARM.Collect$$$$00000004)
    _main_clock                              0x08000139   Thumb Code     0  entry7b.o(.ARM.Collect$$$$00000008)
    _main_cpp_init                           0x08000139   Thumb Code     0  entry8b.o(.ARM.Collect$$$$0000000A)
    _main_init                               0x08000139   Thumb Code     0  entry9a.o(.ARM.Collect$$$$0000000B)
    __rt_lib_shutdown_fini                   0x08000141   Thumb Code     0  entry12b.o(.ARM.Collect$$$$0000000E)
    __rt_final_cpp                           0x08000145   Thumb Code     0  entry10a.o(.ARM.Collect$$$$0000000F)
    __rt_final_exit                          0x08000145   Thumb Code     0  entry11a.o(.ARM.Collect$$$$00000011)
    dianjishangsuo                           0x08000149   Thumb Code   268  main.o(.text)
    yxsjtz                                   0x08000255   Thumb Code   118  main.o(.text)
    dlzsd                                    0x080002cb   Thumb Code   368  main.o(.text)
    lwzsd                                    0x0800043b   Thumb Code    66  main.o(.text)
    main                                     0x0800047d   Thumb Code   458  main.o(.text)
    dsfssj                                   0x08000647   Thumb Code    30  main.o(.text)
    NMI_Handler                              0x08000675   Thumb Code     2  stm32f10x_it.o(.text)
    HardFault_Handler                        0x08000677   Thumb Code     4  stm32f10x_it.o(.text)
    MemManage_Handler                        0x0800067b   Thumb Code     4  stm32f10x_it.o(.text)
    BusFault_Handler                         0x0800067f   Thumb Code     4  stm32f10x_it.o(.text)
    UsageFault_Handler                       0x08000683   Thumb Code     4  stm32f10x_it.o(.text)
    SVC_Handler                              0x08000687   Thumb Code     2  stm32f10x_it.o(.text)
    DebugMon_Handler                         0x08000689   Thumb Code     2  stm32f10x_it.o(.text)
    PendSV_Handler                           0x0800068b   Thumb Code     2  stm32f10x_it.o(.text)
    SysTick_Handler                          0x0800068d   Thumb Code     2  stm32f10x_it.o(.text)
    USART2_IRQHandler                        0x0800068f   Thumb Code   184  stm32f10x_it.o(.text)
    EXTI9_5_IRQHandler                       0x08000747   Thumb Code   170  stm32f10x_it.o(.text)
    EXTI15_10_IRQHandler                     0x080007f1   Thumb Code    76  stm32f10x_it.o(.text)
    EXTI1_IRQHandler                         0x0800083d   Thumb Code    36  stm32f10x_it.o(.text)
    EXTI4_IRQHandler                         0x08000861   Thumb Code    18  stm32f10x_it.o(.text)
    TIM3_IRQHandler                          0x08000873   Thumb Code  1646  stm32f10x_it.o(.text)
    SystemInit                               0x08001063   Thumb Code    78  system_stm32f10x.o(.text)
    SystemCoreClockUpdate                    0x080010b1   Thumb Code   142  system_stm32f10x.o(.text)
    strweidu_deal                            0x08001165   Thumb Code    94  nb_model.o(.text)
    strjingdu_deal                           0x080011c3   Thumb Code    94  nb_model.o(.text)
    strnbimei_deal                           0x08001221   Thumb Code   116  nb_model.o(.text)
    strjizhan_deal                           0x08001295   Thumb Code   174  nb_model.o(.text)
    strwendu_deal                            0x08001343   Thumb Code   172  nb_model.o(.text)
    strtimersc_deal                          0x080013ef   Thumb Code   114  nb_model.o(.text)
    strdo_deal                               0x08001461   Thumb Code   150  nb_model.o(.text)
    strbpm_deal                              0x080014f7   Thumb Code     2  nb_model.o(.text)
    strdt_deal                               0x080014f9   Thumb Code   248  nb_model.o(.text)
    strpeizhi_deal                           0x080015f1   Thumb Code   182  nb_model.o(.text)
    ble_connect_calculate                    0x080016a7   Thumb Code   184  nb_model.o(.text)
    ble_dis_connect_calculate                0x0800175f   Thumb Code   176  nb_model.o(.text)
    powerdown_calculate                      0x0800180f   Thumb Code   176  nb_model.o(.text)
    warn_flag_calculate                      0x080018bf   Thumb Code   222  nb_model.o(.text)
    chezaikongtiao_calculate                 0x0800199d   Thumb Code   470  nb_model.o(.text)
    anjiandeal                               0x08001b73   Thumb Code   568  nb_model.o(.text)
    str2str                                  0x08001dab   Thumb Code   130  nb_model.o(.text)
    str2str_TX                               0x08001e2d   Thumb Code   268  nb_model.o(.text)
    NB_data_Clear_Cache                      0x08001f39   Thumb Code    18  nb_model.o(.text)
    NB_Solve                                 0x08001f4b   Thumb Code   898  nb_model.o(.text)
    NBUSART_Config                           0x080023c9   Thumb Code   174  bsp_nb.o(.text)
    NBUsart_SendByte                         0x08002477   Thumb Code    30  bsp_nb.o(.text)
    NBUsart_SendArray                        0x08002495   Thumb Code    48  bsp_nb.o(.text)
    NBUsart_SendString                       0x080024c5   Thumb Code    42  bsp_nb.o(.text)
    NBUsart_SendHalfWord                     0x080024ef   Thumb Code    60  bsp_nb.o(.text)
    fputc                                    0x0800252b   Thumb Code    32  bsp_nb.o(.text)
    fgetc                                    0x0800254b   Thumb Code    26  bsp_nb.o(.text)
    NB_IO_Send                               0x08002565   Thumb Code    42  bsp_nb.o(.text)
    NB_IO_Clear_Cache                        0x0800258f   Thumb Code    24  bsp_nb.o(.text)
    NB_TCP_TX                                0x080025a7   Thumb Code    18  bsp_nb.o(.text)
    NB_TCP_CONNECT_1                         0x080025b9   Thumb Code   336  bsp_nb.o(.text)
    NB_DEVICE_SendCmd                        0x08002709   Thumb Code   118  bsp_nb.o(.text)
    NB_SEARCH_IMEI                           0x0800277f   Thumb Code   526  bsp_nb.o(.text)
    nb_chushihua_hanshu_zhongduan            0x0800298d   Thumb Code    26  bsp_nb.o(.text)
    Usart_SendStr_length                     0x080029d3   Thumb Code    32  bsp_usart5.o(.text)
    UARTx_Config                             0x080029f3   Thumb Code   144  bsp_usart5.o(.text)
    Usart_SendString                         0x08002a83   Thumb Code    28  bsp_usart5.o(.text)
    yyhy                                     0x08002a9f   Thumb Code    64  bsp_usart5.o(.text)
    yylw                                     0x08002adf   Thumb Code    70  bsp_usart5.o(.text)
    yygd_init                                0x08002b25   Thumb Code    70  bsp_usart5.o(.text)
    yygd_gj                                  0x08002b6b   Thumb Code    64  bsp_usart5.o(.text)
    yytx                                     0x08002bab   Thumb Code    64  bsp_usart5.o(.text)
    yydidianliang                            0x08002beb   Thumb Code    66  bsp_usart5.o(.text)
    yypilao                                  0x08002c2d   Thumb Code    64  bsp_usart5.o(.text)
    yyjj_jiesuo                              0x08002c6d   Thumb Code    64  bsp_usart5.o(.text)
    shangsuo                                 0x08002cad   Thumb Code    64  bsp_usart5.o(.text)
    jiesuo                                   0x08002ced   Thumb Code    64  bsp_usart5.o(.text)
    sos                                      0x08002d2d   Thumb Code    64  bsp_usart5.o(.text)
    weixiangd                                0x08002d6d   Thumb Code    64  bsp_usart5.o(.text)
    yygb                                     0x08002dad   Thumb Code    42  bsp_usart5.o(.text)
    yytxdealhs                               0x08002dd7   Thumb Code   360  bsp_usart5.o(.text)
    ADCx_Init                                0x08003067   Thumb Code    12  bsp_adc.o(.text)
    powerADCInit                             0x080031a5   Thumb Code    12  bsp_adc.o(.text)
    ad_check                                 0x080031b1   Thumb Code   148  bsp_adc.o(.text)
    TIM2_PWM_Init                            0x08003275   Thumb Code   140  bsp_generaltim.o(.text)
    Timerx_Init                              0x08003301   Thumb Code    92  bsp_generaltim.o(.text)
    Timer1_Init                              0x0800335d   Thumb Code   102  bsp_generaltim.o(.text)
    GENERAL_TIM_Init                         0x08003433   Thumb Code    12  bsp_generaltim.o(.text)
    filter                                   0x0800343f   Thumb Code    80  bsp_generaltim.o(.text)
    get_adc0_val                             0x0800348f   Thumb Code    90  bsp_generaltim.o(.text)
    sendBeforePowerdown                      0x080034e9   Thumb Code   264  bsp_generaltim.o(.text)
    TIM4_IRQHandler                          0x080035f1   Thumb Code    88  bsp_generaltim.o(.text)
    TIM1_UP_IRQHandler                       0x08003649   Thumb Code   258  bsp_generaltim.o(.text)
    UART5_Config                             0x08003761   Thumb Code   174  height.o(.text)
    set_0_freq                               0x08003869   Thumb Code    38  height.o(.text)
    set_height_zero                          0x0800388f   Thumb Code    44  height.o(.text)
    UART5_IRQHandler                         0x080038bb   Thumb Code   156  height.o(.text)
    usart5_deal                              0x08003957   Thumb Code   148  height.o(.text)
    delay_init                               0x08003a3d   Thumb Code    50  delay.o(.text)
    delay_us                                 0x08003a6f   Thumb Code    72  delay.o(.text)
    delay_ms                                 0x08003ab7   Thumb Code    72  delay.o(.text)
    Input_GPIO_Config                        0x08003b69   Thumb Code   296  bsp_key.o(.text)
    Key_GPIO_Config                          0x08003c91   Thumb Code   286  bsp_key.o(.text)
    Key_Scan                                 0x08003daf   Thumb Code    70  bsp_key.o(.text)
    LED_GPIO_Config                          0x08003e01   Thumb Code   196  bsp_led.o(.text)
    assert_failed                            0x08003ec5   Thumb Code    10  bsp_led.o(.text)
    UART1_GPIO_Init                          0x08003ee1   Thumb Code    62  usart.o(.text)
    UART1_NVIC_Init                          0x08003f1f   Thumb Code    32  usart.o(.text)
    UART1_DMA_RX_Init                        0x08003f3f   Thumb Code    74  usart.o(.text)
    UART1_DMA_TX_Init                        0x08003f89   Thumb Code    80  usart.o(.text)
    Usart1_Send                              0x08003fd9   Thumb Code    62  usart.o(.text)
    itoa                                     0x08004017   Thumb Code    30  usart.o(.text)
    set_gnss                                 0x08004035   Thumb Code   126  usart.o(.text)
    uart_init                                0x080040b3   Thumb Code   112  usart.o(.text)
    UART1_RX_DMA_Enable                      0x08004123   Thumb Code    54  usart.o(.text)
    UART1_TX_DMA_Enable                      0x08004159   Thumb Code    60  usart.o(.text)
    USART1_IRQHandler                        0x08004195   Thumb Code   120  usart.o(.text)
    CONTROL_GPIO_Config                      0x08004231   Thumb Code   118  rl_control.o(.text)
    FLASH_WriteMoreData                      0x080042b1   Thumb Code    88  flash.o(.text)
    FLASH_ReadHalfWord                       0x08004309   Thumb Code     6  flash.o(.text)
    FLASH_ReadMoreData                       0x0800430f   Thumb Code    34  flash.o(.text)
    write_to_flash                           0x08004331   Thumb Code    52  flash.o(.text)
    read_from_flash                          0x08004365   Thumb Code    78  flash.o(.text)
    Reset_Handler                            0x080043c9   Thumb Code     8  startup_stm32f10x_hd.o(.text)
    ADC1_2_IRQHandler                        0x080043e3   Thumb Code     0  startup_stm32f10x_hd.o(.text)
    ADC3_IRQHandler                          0x080043e3   Thumb Code     0  startup_stm32f10x_hd.o(.text)
    CAN1_RX1_IRQHandler                      0x080043e3   Thumb Code     0  startup_stm32f10x_hd.o(.text)
    CAN1_SCE_IRQHandler                      0x080043e3   Thumb Code     0  startup_stm32f10x_hd.o(.text)
    DMA1_Channel1_IRQHandler                 0x080043e3   Thumb Code     0  startup_stm32f10x_hd.o(.text)
    DMA1_Channel2_IRQHandler                 0x080043e3   Thumb Code     0  startup_stm32f10x_hd.o(.text)
    DMA1_Channel3_IRQHandler                 0x080043e3   Thumb Code     0  startup_stm32f10x_hd.o(.text)
    DMA1_Channel4_IRQHandler                 0x080043e3   Thumb Code     0  startup_stm32f10x_hd.o(.text)
    DMA1_Channel5_IRQHandler                 0x080043e3   Thumb Code     0  startup_stm32f10x_hd.o(.text)
    DMA1_Channel6_IRQHandler                 0x080043e3   Thumb Code     0  startup_stm32f10x_hd.o(.text)
    DMA1_Channel7_IRQHandler                 0x080043e3   Thumb Code     0  startup_stm32f10x_hd.o(.text)
    DMA2_Channel1_IRQHandler                 0x080043e3   Thumb Code     0  startup_stm32f10x_hd.o(.text)
    DMA2_Channel2_IRQHandler                 0x080043e3   Thumb Code     0  startup_stm32f10x_hd.o(.text)
    DMA2_Channel3_IRQHandler                 0x080043e3   Thumb Code     0  startup_stm32f10x_hd.o(.text)
    DMA2_Channel4_5_IRQHandler               0x080043e3   Thumb Code     0  startup_stm32f10x_hd.o(.text)
    EXTI0_IRQHandler                         0x080043e3   Thumb Code     0  startup_stm32f10x_hd.o(.text)
    EXTI2_IRQHandler                         0x080043e3   Thumb Code     0  startup_stm32f10x_hd.o(.text)
    EXTI3_IRQHandler                         0x080043e3   Thumb Code     0  startup_stm32f10x_hd.o(.text)
    FLASH_IRQHandler                         0x080043e3   Thumb Code     0  startup_stm32f10x_hd.o(.text)
    FSMC_IRQHandler                          0x080043e3   Thumb Code     0  startup_stm32f10x_hd.o(.text)
    I2C1_ER_IRQHandler                       0x080043e3   Thumb Code     0  startup_stm32f10x_hd.o(.text)
    I2C1_EV_IRQHandler                       0x080043e3   Thumb Code     0  startup_stm32f10x_hd.o(.text)
    I2C2_ER_IRQHandler                       0x080043e3   Thumb Code     0  startup_stm32f10x_hd.o(.text)
    I2C2_EV_IRQHandler                       0x080043e3   Thumb Code     0  startup_stm32f10x_hd.o(.text)
    PVD_IRQHandler                           0x080043e3   Thumb Code     0  startup_stm32f10x_hd.o(.text)
    RCC_IRQHandler                           0x080043e3   Thumb Code     0  startup_stm32f10x_hd.o(.text)
    RTCAlarm_IRQHandler                      0x080043e3   Thumb Code     0  startup_stm32f10x_hd.o(.text)
    RTC_IRQHandler                           0x080043e3   Thumb Code     0  startup_stm32f10x_hd.o(.text)
    SDIO_IRQHandler                          0x080043e3   Thumb Code     0  startup_stm32f10x_hd.o(.text)
    SPI1_IRQHandler                          0x080043e3   Thumb Code     0  startup_stm32f10x_hd.o(.text)
    SPI2_IRQHandler                          0x080043e3   Thumb Code     0  startup_stm32f10x_hd.o(.text)
    SPI3_IRQHandler                          0x080043e3   Thumb Code     0  startup_stm32f10x_hd.o(.text)
    TAMPER_IRQHandler                        0x080043e3   Thumb Code     0  startup_stm32f10x_hd.o(.text)
    TIM1_BRK_IRQHandler                      0x080043e3   Thumb Code     0  startup_stm32f10x_hd.o(.text)
    TIM1_CC_IRQHandler                       0x080043e3   Thumb Code     0  startup_stm32f10x_hd.o(.text)
    TIM1_TRG_COM_IRQHandler                  0x080043e3   Thumb Code     0  startup_stm32f10x_hd.o(.text)
    TIM2_IRQHandler                          0x080043e3   Thumb Code     0  startup_stm32f10x_hd.o(.text)
    TIM5_IRQHandler                          0x080043e3   Thumb Code     0  startup_stm32f10x_hd.o(.text)
    TIM6_IRQHandler                          0x080043e3   Thumb Code     0  startup_stm32f10x_hd.o(.text)
    TIM7_IRQHandler                          0x080043e3   Thumb Code     0  startup_stm32f10x_hd.o(.text)
    TIM8_BRK_IRQHandler                      0x080043e3   Thumb Code     0  startup_stm32f10x_hd.o(.text)
    TIM8_CC_IRQHandler                       0x080043e3   Thumb Code     0  startup_stm32f10x_hd.o(.text)
    TIM8_TRG_COM_IRQHandler                  0x080043e3   Thumb Code     0  startup_stm32f10x_hd.o(.text)
    TIM8_UP_IRQHandler                       0x080043e3   Thumb Code     0  startup_stm32f10x_hd.o(.text)
    UART4_IRQHandler                         0x080043e3   Thumb Code     0  startup_stm32f10x_hd.o(.text)
    USART3_IRQHandler                        0x080043e3   Thumb Code     0  startup_stm32f10x_hd.o(.text)
    USBWakeUp_IRQHandler                     0x080043e3   Thumb Code     0  startup_stm32f10x_hd.o(.text)
    USB_HP_CAN1_TX_IRQHandler                0x080043e3   Thumb Code     0  startup_stm32f10x_hd.o(.text)
    USB_LP_CAN1_RX0_IRQHandler               0x080043e3   Thumb Code     0  startup_stm32f10x_hd.o(.text)
    WWDG_IRQHandler                          0x080043e3   Thumb Code     0  startup_stm32f10x_hd.o(.text)
    NVIC_PriorityGroupConfig                 0x080043ed   Thumb Code    10  misc.o(.text)
    NVIC_Init                                0x080043f7   Thumb Code   100  misc.o(.text)
    NVIC_SetVectorTable                      0x0800445b   Thumb Code    14  misc.o(.text)
    NVIC_SystemLPConfig                      0x08004469   Thumb Code    34  misc.o(.text)
    SysTick_CLKSourceConfig                  0x0800448b   Thumb Code    40  misc.o(.text)
    GPIO_DeInit                              0x080044c9   Thumb Code   172  stm32f10x_gpio.o(.text)
    GPIO_AFIODeInit                          0x08004575   Thumb Code    20  stm32f10x_gpio.o(.text)
    GPIO_Init                                0x08004589   Thumb Code   278  stm32f10x_gpio.o(.text)
    GPIO_StructInit                          0x0800469f   Thumb Code    16  stm32f10x_gpio.o(.text)
    GPIO_ReadInputDataBit                    0x080046af   Thumb Code    18  stm32f10x_gpio.o(.text)
    GPIO_ReadInputData                       0x080046c1   Thumb Code     8  stm32f10x_gpio.o(.text)
    GPIO_ReadOutputDataBit                   0x080046c9   Thumb Code    18  stm32f10x_gpio.o(.text)
    GPIO_ReadOutputData                      0x080046db   Thumb Code     8  stm32f10x_gpio.o(.text)
    GPIO_SetBits                             0x080046e3   Thumb Code     4  stm32f10x_gpio.o(.text)
    GPIO_ResetBits                           0x080046e7   Thumb Code     4  stm32f10x_gpio.o(.text)
    GPIO_WriteBit                            0x080046eb   Thumb Code    10  stm32f10x_gpio.o(.text)
    GPIO_Write                               0x080046f5   Thumb Code     4  stm32f10x_gpio.o(.text)
    GPIO_PinLockConfig                       0x080046f9   Thumb Code    18  stm32f10x_gpio.o(.text)
    GPIO_EventOutputConfig                   0x0800470b   Thumb Code    26  stm32f10x_gpio.o(.text)
    GPIO_EventOutputCmd                      0x08004725   Thumb Code     6  stm32f10x_gpio.o(.text)
    GPIO_PinRemapConfig                      0x0800472b   Thumb Code   138  stm32f10x_gpio.o(.text)
    GPIO_EXTILineConfig                      0x080047b5   Thumb Code    66  stm32f10x_gpio.o(.text)
    GPIO_ETH_MediaInterfaceConfig            0x080047f7   Thumb Code     8  stm32f10x_gpio.o(.text)
    RCC_DeInit                               0x08004825   Thumb Code    64  stm32f10x_rcc.o(.text)
    RCC_HSEConfig                            0x08004865   Thumb Code    70  stm32f10x_rcc.o(.text)
    RCC_GetFlagStatus                        0x080048ab   Thumb Code    56  stm32f10x_rcc.o(.text)
    RCC_WaitForHSEStartUp                    0x080048e3   Thumb Code    56  stm32f10x_rcc.o(.text)
    RCC_AdjustHSICalibrationValue            0x0800491b   Thumb Code    20  stm32f10x_rcc.o(.text)
    RCC_HSICmd                               0x0800492f   Thumb Code     6  stm32f10x_rcc.o(.text)
    RCC_PLLConfig                            0x08004935   Thumb Code    24  stm32f10x_rcc.o(.text)
    RCC_PLLCmd                               0x0800494d   Thumb Code     6  stm32f10x_rcc.o(.text)
    RCC_SYSCLKConfig                         0x08004953   Thumb Code    18  stm32f10x_rcc.o(.text)
    RCC_GetSYSCLKSource                      0x08004965   Thumb Code    10  stm32f10x_rcc.o(.text)
    RCC_HCLKConfig                           0x0800496f   Thumb Code    18  stm32f10x_rcc.o(.text)
    RCC_PCLK1Config                          0x08004981   Thumb Code    18  stm32f10x_rcc.o(.text)
    RCC_PCLK2Config                          0x08004993   Thumb Code    20  stm32f10x_rcc.o(.text)
    RCC_ITConfig                             0x080049a7   Thumb Code    26  stm32f10x_rcc.o(.text)
    RCC_USBCLKConfig                         0x080049c1   Thumb Code     8  stm32f10x_rcc.o(.text)
    RCC_ADCCLKConfig                         0x080049c9   Thumb Code    18  stm32f10x_rcc.o(.text)
    RCC_LSEConfig                            0x080049db   Thumb Code    50  stm32f10x_rcc.o(.text)
    RCC_LSICmd                               0x08004a0d   Thumb Code     6  stm32f10x_rcc.o(.text)
    RCC_RTCCLKConfig                         0x08004a13   Thumb Code    12  stm32f10x_rcc.o(.text)
    RCC_RTCCLKCmd                            0x08004a1f   Thumb Code     8  stm32f10x_rcc.o(.text)
    RCC_GetClocksFreq                        0x08004a27   Thumb Code   192  stm32f10x_rcc.o(.text)
    RCC_AHBPeriphClockCmd                    0x08004ae7   Thumb Code    26  stm32f10x_rcc.o(.text)
    RCC_APB2PeriphClockCmd                   0x08004b01   Thumb Code    26  stm32f10x_rcc.o(.text)
    RCC_APB1PeriphClockCmd                   0x08004b1b   Thumb Code    26  stm32f10x_rcc.o(.text)
    RCC_APB2PeriphResetCmd                   0x08004b35   Thumb Code    26  stm32f10x_rcc.o(.text)
    RCC_APB1PeriphResetCmd                   0x08004b4f   Thumb Code    26  stm32f10x_rcc.o(.text)
    RCC_BackupResetCmd                       0x08004b69   Thumb Code     8  stm32f10x_rcc.o(.text)
    RCC_ClockSecuritySystemCmd               0x08004b71   Thumb Code     6  stm32f10x_rcc.o(.text)
    RCC_MCOConfig                            0x08004b77   Thumb Code     6  stm32f10x_rcc.o(.text)
    RCC_ClearFlag                            0x08004b7d   Thumb Code    14  stm32f10x_rcc.o(.text)
    RCC_GetITStatus                          0x08004b8b   Thumb Code    20  stm32f10x_rcc.o(.text)
    RCC_ClearITPendingBit                    0x08004b9f   Thumb Code     6  stm32f10x_rcc.o(.text)
    USART_DeInit                             0x08004bc9   Thumb Code   134  stm32f10x_usart.o(.text)
    USART_Init                               0x08004c4f   Thumb Code   210  stm32f10x_usart.o(.text)
    USART_StructInit                         0x08004d21   Thumb Code    24  stm32f10x_usart.o(.text)
    USART_ClockInit                          0x08004d39   Thumb Code    34  stm32f10x_usart.o(.text)
    USART_ClockStructInit                    0x08004d5b   Thumb Code    12  stm32f10x_usart.o(.text)
    USART_Cmd                                0x08004d67   Thumb Code    24  stm32f10x_usart.o(.text)
    USART_ITConfig                           0x08004d7f   Thumb Code    74  stm32f10x_usart.o(.text)
    USART_DMACmd                             0x08004dc9   Thumb Code    18  stm32f10x_usart.o(.text)
    USART_SetAddress                         0x08004ddb   Thumb Code    18  stm32f10x_usart.o(.text)
    USART_WakeUpConfig                       0x08004ded   Thumb Code    18  stm32f10x_usart.o(.text)
    USART_ReceiverWakeUpCmd                  0x08004dff   Thumb Code    24  stm32f10x_usart.o(.text)
    USART_LINBreakDetectLengthConfig         0x08004e17   Thumb Code    18  stm32f10x_usart.o(.text)
    USART_LINCmd                             0x08004e29   Thumb Code    24  stm32f10x_usart.o(.text)
    USART_SendData                           0x08004e41   Thumb Code     8  stm32f10x_usart.o(.text)
    USART_ReceiveData                        0x08004e49   Thumb Code    10  stm32f10x_usart.o(.text)
    USART_SendBreak                          0x08004e53   Thumb Code    10  stm32f10x_usart.o(.text)
    USART_SetGuardTime                       0x08004e5d   Thumb Code    16  stm32f10x_usart.o(.text)
    USART_SetPrescaler                       0x08004e6d   Thumb Code    16  stm32f10x_usart.o(.text)
    USART_SmartCardCmd                       0x08004e7d   Thumb Code    24  stm32f10x_usart.o(.text)
    USART_SmartCardNACKCmd                   0x08004e95   Thumb Code    24  stm32f10x_usart.o(.text)
    USART_HalfDuplexCmd                      0x08004ead   Thumb Code    24  stm32f10x_usart.o(.text)
    USART_OverSampling8Cmd                   0x08004ec5   Thumb Code    22  stm32f10x_usart.o(.text)
    USART_OneBitMethodCmd                    0x08004edb   Thumb Code    24  stm32f10x_usart.o(.text)
    USART_IrDAConfig                         0x08004ef3   Thumb Code    18  stm32f10x_usart.o(.text)
    USART_IrDACmd                            0x08004f05   Thumb Code    24  stm32f10x_usart.o(.text)
    USART_GetFlagStatus                      0x08004f1d   Thumb Code    26  stm32f10x_usart.o(.text)
    USART_ClearFlag                          0x08004f37   Thumb Code    18  stm32f10x_usart.o(.text)
    USART_GetITStatus                        0x08004f49   Thumb Code    84  stm32f10x_usart.o(.text)
    USART_ClearITPendingBit                  0x08004f9d   Thumb Code    52  stm32f10x_usart.o(.text)
    TIM_DeInit                               0x08004fd1   Thumb Code   424  stm32f10x_tim.o(.text)
    TIM_TimeBaseInit                         0x08005179   Thumb Code   122  stm32f10x_tim.o(.text)
    TIM_OC1Init                              0x080051f3   Thumb Code   132  stm32f10x_tim.o(.text)
    TIM_OC2Init                              0x08005277   Thumb Code   154  stm32f10x_tim.o(.text)
    TIM_OC3Init                              0x08005311   Thumb Code   150  stm32f10x_tim.o(.text)
    TIM_OC4Init                              0x080053a7   Thumb Code   182  stm32f10x_tim.o(.text)
    TIM_SetIC4Prescaler                      0x0800545d   Thumb Code    26  stm32f10x_tim.o(.text)
    TIM_SetIC3Prescaler                      0x080054f9   Thumb Code    18  stm32f10x_tim.o(.text)
    TIM_SetIC2Prescaler                      0x08005585   Thumb Code    26  stm32f10x_tim.o(.text)
    TIM_SetIC1Prescaler                      0x08005621   Thumb Code    18  stm32f10x_tim.o(.text)
    TIM_ICInit                               0x0800569f   Thumb Code   150  stm32f10x_tim.o(.text)
    TIM_PWMIConfig                           0x08005735   Thumb Code   124  stm32f10x_tim.o(.text)
    TIM_BDTRConfig                           0x080057b1   Thumb Code    32  stm32f10x_tim.o(.text)
    TIM_TimeBaseStructInit                   0x080057d1   Thumb Code    18  stm32f10x_tim.o(.text)
    TIM_OCStructInit                         0x080057e3   Thumb Code    20  stm32f10x_tim.o(.text)
    TIM_ICStructInit                         0x080057f7   Thumb Code    18  stm32f10x_tim.o(.text)
    TIM_BDTRStructInit                       0x08005809   Thumb Code    40  stm32f10x_tim.o(.text)
    TIM_Cmd                                  0x08005831   Thumb Code    24  stm32f10x_tim.o(.text)
    TIM_CtrlPWMOutputs                       0x08005849   Thumb Code    30  stm32f10x_tim.o(.text)
    TIM_ITConfig                             0x08005867   Thumb Code    18  stm32f10x_tim.o(.text)
    TIM_GenerateEvent                        0x08005879   Thumb Code     4  stm32f10x_tim.o(.text)
    TIM_DMAConfig                            0x0800587d   Thumb Code    10  stm32f10x_tim.o(.text)
    TIM_DMACmd                               0x08005887   Thumb Code    18  stm32f10x_tim.o(.text)
    TIM_InternalClockConfig                  0x08005899   Thumb Code    12  stm32f10x_tim.o(.text)
    TIM_SelectInputTrigger                   0x080058a5   Thumb Code    18  stm32f10x_tim.o(.text)
    TIM_ITRxExternalClockConfig              0x080058b7   Thumb Code    24  stm32f10x_tim.o(.text)
    TIM_TIxExternalClockConfig               0x080058cf   Thumb Code    62  stm32f10x_tim.o(.text)
    TIM_ETRConfig                            0x0800590d   Thumb Code    28  stm32f10x_tim.o(.text)
    TIM_ETRClockMode1Config                  0x08005929   Thumb Code    54  stm32f10x_tim.o(.text)
    TIM_ETRClockMode2Config                  0x0800595f   Thumb Code    32  stm32f10x_tim.o(.text)
    TIM_PrescalerConfig                      0x0800597f   Thumb Code     6  stm32f10x_tim.o(.text)
    TIM_CounterModeConfig                    0x08005985   Thumb Code    18  stm32f10x_tim.o(.text)
    TIM_EncoderInterfaceConfig               0x08005997   Thumb Code    66  stm32f10x_tim.o(.text)
    TIM_ForcedOC1Config                      0x080059d9   Thumb Code    18  stm32f10x_tim.o(.text)
    TIM_ForcedOC2Config                      0x080059eb   Thumb Code    26  stm32f10x_tim.o(.text)
    TIM_ForcedOC3Config                      0x08005a05   Thumb Code    18  stm32f10x_tim.o(.text)
    TIM_ForcedOC4Config                      0x08005a17   Thumb Code    26  stm32f10x_tim.o(.text)
    TIM_ARRPreloadConfig                     0x08005a31   Thumb Code    24  stm32f10x_tim.o(.text)
    TIM_SelectCOM                            0x08005a49   Thumb Code    24  stm32f10x_tim.o(.text)
    TIM_SelectCCDMA                          0x08005a61   Thumb Code    24  stm32f10x_tim.o(.text)
    TIM_CCPreloadControl                     0x08005a79   Thumb Code    24  stm32f10x_tim.o(.text)
    TIM_OC1PreloadConfig                     0x08005a91   Thumb Code    18  stm32f10x_tim.o(.text)
    TIM_OC2PreloadConfig                     0x08005aa3   Thumb Code    26  stm32f10x_tim.o(.text)
    TIM_OC3PreloadConfig                     0x08005abd   Thumb Code    18  stm32f10x_tim.o(.text)
    TIM_OC4PreloadConfig                     0x08005acf   Thumb Code    26  stm32f10x_tim.o(.text)
    TIM_OC1FastConfig                        0x08005ae9   Thumb Code    18  stm32f10x_tim.o(.text)
    TIM_OC2FastConfig                        0x08005afb   Thumb Code    26  stm32f10x_tim.o(.text)
    TIM_OC3FastConfig                        0x08005b15   Thumb Code    18  stm32f10x_tim.o(.text)
    TIM_OC4FastConfig                        0x08005b27   Thumb Code    26  stm32f10x_tim.o(.text)
    TIM_ClearOC1Ref                          0x08005b41   Thumb Code    18  stm32f10x_tim.o(.text)
    TIM_ClearOC2Ref                          0x08005b53   Thumb Code    24  stm32f10x_tim.o(.text)
    TIM_ClearOC3Ref                          0x08005b6b   Thumb Code    18  stm32f10x_tim.o(.text)
    TIM_ClearOC4Ref                          0x08005b7d   Thumb Code    24  stm32f10x_tim.o(.text)
    TIM_OC1PolarityConfig                    0x08005b95   Thumb Code    18  stm32f10x_tim.o(.text)
    TIM_OC1NPolarityConfig                   0x08005ba7   Thumb Code    18  stm32f10x_tim.o(.text)
    TIM_OC2PolarityConfig                    0x08005bb9   Thumb Code    26  stm32f10x_tim.o(.text)
    TIM_OC2NPolarityConfig                   0x08005bd3   Thumb Code    26  stm32f10x_tim.o(.text)
    TIM_OC3PolarityConfig                    0x08005bed   Thumb Code    26  stm32f10x_tim.o(.text)
    TIM_OC3NPolarityConfig                   0x08005c07   Thumb Code    26  stm32f10x_tim.o(.text)
    TIM_OC4PolarityConfig                    0x08005c21   Thumb Code    26  stm32f10x_tim.o(.text)
    TIM_CCxCmd                               0x08005c3b   Thumb Code    30  stm32f10x_tim.o(.text)
    TIM_CCxNCmd                              0x08005c59   Thumb Code    30  stm32f10x_tim.o(.text)
    TIM_SelectOCxM                           0x08005c77   Thumb Code    82  stm32f10x_tim.o(.text)
    TIM_UpdateDisableConfig                  0x08005cc9   Thumb Code    24  stm32f10x_tim.o(.text)
    TIM_UpdateRequestConfig                  0x08005ce1   Thumb Code    24  stm32f10x_tim.o(.text)
    TIM_SelectHallSensor                     0x08005cf9   Thumb Code    24  stm32f10x_tim.o(.text)
    TIM_SelectOnePulseMode                   0x08005d11   Thumb Code    18  stm32f10x_tim.o(.text)
    TIM_SelectOutputTrigger                  0x08005d23   Thumb Code    18  stm32f10x_tim.o(.text)
    TIM_SelectSlaveMode                      0x08005d35   Thumb Code    18  stm32f10x_tim.o(.text)
    TIM_SelectMasterSlaveMode                0x08005d47   Thumb Code    18  stm32f10x_tim.o(.text)
    TIM_SetCounter                           0x08005d59   Thumb Code     4  stm32f10x_tim.o(.text)
    TIM_SetAutoreload                        0x08005d5d   Thumb Code     4  stm32f10x_tim.o(.text)
    TIM_SetCompare1                          0x08005d61   Thumb Code     4  stm32f10x_tim.o(.text)
    TIM_SetCompare2                          0x08005d65   Thumb Code     4  stm32f10x_tim.o(.text)
    TIM_SetCompare3                          0x08005d69   Thumb Code     4  stm32f10x_tim.o(.text)
    TIM_SetCompare4                          0x08005d6d   Thumb Code     6  stm32f10x_tim.o(.text)
    TIM_SetClockDivision                     0x08005d73   Thumb Code    18  stm32f10x_tim.o(.text)
    TIM_GetCapture1                          0x08005d85   Thumb Code     6  stm32f10x_tim.o(.text)
    TIM_GetCapture2                          0x08005d8b   Thumb Code     6  stm32f10x_tim.o(.text)
    TIM_GetCapture3                          0x08005d91   Thumb Code     6  stm32f10x_tim.o(.text)
    TIM_GetCapture4                          0x08005d97   Thumb Code     8  stm32f10x_tim.o(.text)
    TIM_GetCounter                           0x08005d9f   Thumb Code     6  stm32f10x_tim.o(.text)
    TIM_GetPrescaler                         0x08005da5   Thumb Code     6  stm32f10x_tim.o(.text)
    TIM_GetFlagStatus                        0x08005dab   Thumb Code    18  stm32f10x_tim.o(.text)
    TIM_ClearFlag                            0x08005dbd   Thumb Code     6  stm32f10x_tim.o(.text)
    TIM_GetITStatus                          0x08005dc3   Thumb Code    34  stm32f10x_tim.o(.text)
    TIM_ClearITPendingBit                    0x08005de5   Thumb Code     6  stm32f10x_tim.o(.text)
    ADC_DeInit                               0x08005ded   Thumb Code    78  stm32f10x_adc.o(.text)
    ADC_Init                                 0x08005e3b   Thumb Code    70  stm32f10x_adc.o(.text)
    ADC_StructInit                           0x08005e81   Thumb Code    18  stm32f10x_adc.o(.text)
    ADC_Cmd                                  0x08005e93   Thumb Code    22  stm32f10x_adc.o(.text)
    ADC_DMACmd                               0x08005ea9   Thumb Code    22  stm32f10x_adc.o(.text)
    ADC_ITConfig                             0x08005ebf   Thumb Code    24  stm32f10x_adc.o(.text)
    ADC_ResetCalibration                     0x08005ed7   Thumb Code    10  stm32f10x_adc.o(.text)
    ADC_GetResetCalibrationStatus            0x08005ee1   Thumb Code    20  stm32f10x_adc.o(.text)
    ADC_StartCalibration                     0x08005ef5   Thumb Code    10  stm32f10x_adc.o(.text)
    ADC_GetCalibrationStatus                 0x08005eff   Thumb Code    20  stm32f10x_adc.o(.text)
    ADC_SoftwareStartConvCmd                 0x08005f13   Thumb Code    22  stm32f10x_adc.o(.text)
    ADC_GetSoftwareStartConvStatus           0x08005f29   Thumb Code    20  stm32f10x_adc.o(.text)
    ADC_DiscModeChannelCountConfig           0x08005f3d   Thumb Code    24  stm32f10x_adc.o(.text)
    ADC_DiscModeCmd                          0x08005f55   Thumb Code    22  stm32f10x_adc.o(.text)
    ADC_RegularChannelConfig                 0x08005f6b   Thumb Code   184  stm32f10x_adc.o(.text)
    ADC_ExternalTrigConvCmd                  0x08006023   Thumb Code    22  stm32f10x_adc.o(.text)
    ADC_GetConversionValue                   0x08006039   Thumb Code     8  stm32f10x_adc.o(.text)
    ADC_GetDualModeConversionValue           0x08006041   Thumb Code     8  stm32f10x_adc.o(.text)
    ADC_AutoInjectedConvCmd                  0x08006049   Thumb Code    22  stm32f10x_adc.o(.text)
    ADC_InjectedDiscModeCmd                  0x0800605f   Thumb Code    22  stm32f10x_adc.o(.text)
    ADC_ExternalTrigInjectedConvConfig       0x08006075   Thumb Code    16  stm32f10x_adc.o(.text)
    ADC_ExternalTrigInjectedConvCmd          0x08006085   Thumb Code    22  stm32f10x_adc.o(.text)
    ADC_SoftwareStartInjectedConvCmd         0x0800609b   Thumb Code    22  stm32f10x_adc.o(.text)
    ADC_GetSoftwareStartInjectedConvCmdStatus 0x080060b1   Thumb Code    20  stm32f10x_adc.o(.text)
    ADC_InjectedChannelConfig                0x080060c5   Thumb Code   130  stm32f10x_adc.o(.text)
    ADC_InjectedSequencerLengthConfig        0x08006147   Thumb Code    24  stm32f10x_adc.o(.text)
    ADC_SetInjectedOffset                    0x0800615f   Thumb Code    20  stm32f10x_adc.o(.text)
    ADC_GetInjectedConversionValue           0x08006173   Thumb Code    28  stm32f10x_adc.o(.text)
    ADC_AnalogWatchdogCmd                    0x0800618f   Thumb Code    16  stm32f10x_adc.o(.text)
    ADC_AnalogWatchdogThresholdsConfig       0x0800619f   Thumb Code     6  stm32f10x_adc.o(.text)
    ADC_AnalogWatchdogSingleChannelConfig    0x080061a5   Thumb Code    16  stm32f10x_adc.o(.text)
    ADC_TempSensorVrefintCmd                 0x080061b5   Thumb Code    64  stm32f10x_adc.o(.text)
    ADC_GetFlagStatus                        0x080061f5   Thumb Code    18  stm32f10x_adc.o(.text)
    ADC_ClearFlag                            0x08006207   Thumb Code     6  stm32f10x_adc.o(.text)
    ADC_GetITStatus                          0x0800620d   Thumb Code    36  stm32f10x_adc.o(.text)
    ADC_ClearITPendingBit                    0x08006231   Thumb Code    10  stm32f10x_adc.o(.text)
    DMA_DeInit                               0x0800623d   Thumb Code   324  stm32f10x_dma.o(.text)
    DMA_Init                                 0x08006381   Thumb Code    60  stm32f10x_dma.o(.text)
    DMA_StructInit                           0x080063bd   Thumb Code    26  stm32f10x_dma.o(.text)
    DMA_Cmd                                  0x080063d7   Thumb Code    24  stm32f10x_dma.o(.text)
    DMA_ITConfig                             0x080063ef   Thumb Code    18  stm32f10x_dma.o(.text)
    DMA_SetCurrDataCounter                   0x08006401   Thumb Code     4  stm32f10x_dma.o(.text)
    DMA_GetCurrDataCounter                   0x08006405   Thumb Code     8  stm32f10x_dma.o(.text)
    DMA_GetFlagStatus                        0x0800640d   Thumb Code    40  stm32f10x_dma.o(.text)
    DMA_ClearFlag                            0x08006435   Thumb Code    22  stm32f10x_dma.o(.text)
    DMA_GetITStatus                          0x0800644b   Thumb Code    40  stm32f10x_dma.o(.text)
    DMA_ClearITPendingBit                    0x08006473   Thumb Code    22  stm32f10x_dma.o(.text)
    EXTI_DeInit                              0x08006491   Thumb Code    28  stm32f10x_exti.o(.text)
    EXTI_Init                                0x080064ad   Thumb Code   142  stm32f10x_exti.o(.text)
    EXTI_StructInit                          0x0800653b   Thumb Code    16  stm32f10x_exti.o(.text)
    EXTI_GenerateSWInterrupt                 0x0800654b   Thumb Code    16  stm32f10x_exti.o(.text)
    EXTI_GetFlagStatus                       0x0800655b   Thumb Code    22  stm32f10x_exti.o(.text)
    EXTI_ClearFlag                           0x08006571   Thumb Code     8  stm32f10x_exti.o(.text)
    EXTI_GetITStatus                         0x08006579   Thumb Code    34  stm32f10x_exti.o(.text)
    EXTI_ClearITPendingBit                   0x0800659b   Thumb Code     8  stm32f10x_exti.o(.text)
    FLASH_SetLatency                         0x080065ad   Thumb Code    18  stm32f10x_flash.o(.text)
    FLASH_HalfCycleAccessCmd                 0x080065bf   Thumb Code    22  stm32f10x_flash.o(.text)
    FLASH_PrefetchBufferCmd                  0x080065d5   Thumb Code    22  stm32f10x_flash.o(.text)
    FLASH_Unlock                             0x080065eb   Thumb Code    12  stm32f10x_flash.o(.text)
    FLASH_UnlockBank1                        0x080065f7   Thumb Code    12  stm32f10x_flash.o(.text)
    FLASH_Lock                               0x08006603   Thumb Code    14  stm32f10x_flash.o(.text)
    FLASH_LockBank1                          0x08006611   Thumb Code    14  stm32f10x_flash.o(.text)
    FLASH_GetBank1Status                     0x0800661f   Thumb Code    48  stm32f10x_flash.o(.text)
    FLASH_WaitForLastOperation               0x0800664f   Thumb Code    38  stm32f10x_flash.o(.text)
    FLASH_ErasePage                          0x08006675   Thumb Code    72  stm32f10x_flash.o(.text)
    FLASH_EraseAllPages                      0x080066bd   Thumb Code    68  stm32f10x_flash.o(.text)
    FLASH_WaitForLastBank1Operation          0x08006701   Thumb Code    38  stm32f10x_flash.o(.text)
    FLASH_EraseAllBank1Pages                 0x08006727   Thumb Code    68  stm32f10x_flash.o(.text)
    FLASH_GetReadOutProtectionStatus         0x0800676b   Thumb Code    20  stm32f10x_flash.o(.text)
    FLASH_EraseOptionBytes                   0x0800677f   Thumb Code   150  stm32f10x_flash.o(.text)
    FLASH_ProgramWord                        0x08006815   Thumb Code   102  stm32f10x_flash.o(.text)
    FLASH_ProgramHalfWord                    0x0800687b   Thumb Code    60  stm32f10x_flash.o(.text)
    FLASH_ProgramOptionByteData              0x080068b7   Thumb Code    72  stm32f10x_flash.o(.text)
    FLASH_EnableWriteProtection              0x080068ff   Thumb Code   200  stm32f10x_flash.o(.text)
    FLASH_ReadOutProtection                  0x080069c7   Thumb Code   156  stm32f10x_flash.o(.text)
    FLASH_UserOptionByteConfig               0x08006a63   Thumb Code    88  stm32f10x_flash.o(.text)
    FLASH_GetUserOptionByte                  0x08006abb   Thumb Code     8  stm32f10x_flash.o(.text)
    FLASH_GetWriteProtectionOptionByte       0x08006ac3   Thumb Code     6  stm32f10x_flash.o(.text)
    FLASH_GetPrefetchBufferStatus            0x08006ac9   Thumb Code    20  stm32f10x_flash.o(.text)
    FLASH_ITConfig                           0x08006add   Thumb Code    26  stm32f10x_flash.o(.text)
    FLASH_GetFlagStatus                      0x08006af7   Thumb Code    42  stm32f10x_flash.o(.text)
    FLASH_ClearFlag                          0x08006b21   Thumb Code     6  stm32f10x_flash.o(.text)
    FLASH_GetStatus                          0x08006b27   Thumb Code    48  stm32f10x_flash.o(.text)
    __aeabi_memcpy                           0x08006b69   Thumb Code    36  memcpya.o(.text)
    __aeabi_memcpy4                          0x08006b69   Thumb Code     0  memcpya.o(.text)
    __aeabi_memcpy8                          0x08006b69   Thumb Code     0  memcpya.o(.text)
    __aeabi_memset                           0x08006b8d   Thumb Code    14  memseta.o(.text)
    __aeabi_memset4                          0x08006b8d   Thumb Code     0  memseta.o(.text)
    __aeabi_memset8                          0x08006b8d   Thumb Code     0  memseta.o(.text)
    __aeabi_memclr                           0x08006b9b   Thumb Code     4  memseta.o(.text)
    __aeabi_memclr4                          0x08006b9b   Thumb Code     0  memseta.o(.text)
    __aeabi_memclr8                          0x08006b9b   Thumb Code     0  memseta.o(.text)
    _memset$wrapper                          0x08006b9f   Thumb Code    18  memseta.o(.text)
    strcat                                   0x08006bb1   Thumb Code    24  strcat.o(.text)
    strstr                                   0x08006bc9   Thumb Code    36  strstr.o(.text)
    strncpy                                  0x08006bed   Thumb Code    24  strncpy.o(.text)
    strlen                                   0x08006c05   Thumb Code    14  strlen.o(.text)
    strcpy                                   0x08006c13   Thumb Code    18  strcpy.o(.text)
    atoi                                     0x08006c25   Thumb Code    26  atoi.o(.text)
    __aeabi_fmul                             0x08006c3f   Thumb Code   100  fmul.o(.text)
    __aeabi_fdiv                             0x08006ca3   Thumb Code   124  fdiv.o(.text)
    __aeabi_dadd                             0x08006d1f   Thumb Code   322  dadd.o(.text)
    __aeabi_dsub                             0x08006e61   Thumb Code     6  dadd.o(.text)
    __aeabi_drsub                            0x08006e67   Thumb Code     6  dadd.o(.text)
    __aeabi_dmul                             0x08006e6d   Thumb Code   228  dmul.o(.text)
    __aeabi_ddiv                             0x08006f51   Thumb Code   222  ddiv.o(.text)
    __aeabi_ui2f                             0x0800702f   Thumb Code    10  ffltui.o(.text)
    __aeabi_f2iz                             0x08007039   Thumb Code    50  ffixi.o(.text)
    __aeabi_d2uiz                            0x0800706b   Thumb Code    50  dfixui.o(.text)
    __aeabi_f2d                              0x0800709d   Thumb Code    38  f2d.o(.text)
    __aeabi_cdcmpeq                          0x080070c5   Thumb Code     0  cdcmple.o(.text)
    __aeabi_cdcmple                          0x080070c5   Thumb Code    48  cdcmple.o(.text)
    __aeabi_cdrcmple                         0x080070f5   Thumb Code    48  cdrcmple.o(.text)
    __aeabi_d2f                              0x08007125   Thumb Code    56  d2f.o(.text)
    __aeabi_cfrcmple                         0x0800715d   Thumb Code    20  cfrcmple.o(.text)
    __aeabi_uidiv                            0x08007171   Thumb Code     0  uidiv.o(.text)
    __aeabi_uidivmod                         0x08007171   Thumb Code    44  uidiv.o(.text)
    __aeabi_uldivmod                         0x0800719d   Thumb Code    98  uldiv.o(.text)
    __aeabi_llsl                             0x080071ff   Thumb Code    30  llshl.o(.text)
    _ll_shift_l                              0x080071ff   Thumb Code     0  llshl.o(.text)
    __aeabi_llsr                             0x0800721d   Thumb Code    32  llushr.o(.text)
    _ll_ushift_r                             0x0800721d   Thumb Code     0  llushr.o(.text)
    __aeabi_lasr                             0x0800723d   Thumb Code    36  llsshr.o(.text)
    _ll_sshift_r                             0x0800723d   Thumb Code     0  llsshr.o(.text)
    __strtod_int                             0x08007297   Thumb Code    90  strtod.o(.text)
    strtol                                   0x080072fd   Thumb Code   112  strtol.o(.text)
    __I$use$fp                               0x0800736d   Thumb Code     0  iusefp.o(.text)
    _float_round                             0x0800736d   Thumb Code    18  fepilogue.o(.text)
    _float_epilogue                          0x0800737f   Thumb Code    92  fepilogue.o(.text)
    _double_round                            0x080073db   Thumb Code    30  depilogue.o(.text)
    _double_epilogue                         0x080073f9   Thumb Code   156  depilogue.o(.text)
    __aeabi_d2ulz                            0x08007495   Thumb Code    48  dfixul.o(.text)
    __scatterload                            0x080074c5   Thumb Code    28  init.o(.text)
    __scatterload_rt2                        0x080074c5   Thumb Code     0  init.o(.text)
    __rt_ctype_table                         0x080074e9   Thumb Code     4  ctype_o.o(.text)
    isspace                                  0x080074f1   Thumb Code    18  isspace_o.o(.text)
    _scanf_real                              0x0800762d   Thumb Code     0  scanf_fp.o(.text)
    _scanf_really_real                       0x0800762d   Thumb Code   556  scanf_fp.o(.text)
    _sgetc                                   0x08007865   Thumb Code    30  _sgetc.o(.text)
    _sbackspace                              0x08007883   Thumb Code    34  _sgetc.o(.text)
    _strtoul                                 0x080078a5   Thumb Code   158  _strtoul.o(.text)
    _chval                                   0x08007943   Thumb Code    28  _chval.o(.text)
    __aeabi_ul2d                             0x0800795f   Thumb Code    24  dfltul.o(.text)
    __decompress                             0x08007977   Thumb Code     0  __dczerorl2.o(.text)
    __decompress1                            0x08007977   Thumb Code    86  __dczerorl2.o(.text)
    __0printf                                0x080079cd   Thumb Code    22  printfa.o(i.__0printf)
    __1printf                                0x080079cd   Thumb Code     0  printfa.o(i.__0printf)
    __2printf                                0x080079cd   Thumb Code     0  printfa.o(i.__0printf)
    __c89printf                              0x080079cd   Thumb Code     0  printfa.o(i.__0printf)
    printf                                   0x080079cd   Thumb Code     0  printfa.o(i.__0printf)
    __0sprintf                               0x080079ed   Thumb Code    34  printfa.o(i.__0sprintf)
    __1sprintf                               0x080079ed   Thumb Code     0  printfa.o(i.__0sprintf)
    __2sprintf                               0x080079ed   Thumb Code     0  printfa.o(i.__0sprintf)
    __c89sprintf                             0x080079ed   Thumb Code     0  printfa.o(i.__0sprintf)
    sprintf                                  0x080079ed   Thumb Code     0  printfa.o(i.__0sprintf)
    __aeabi_errno_addr                       0x08007a15   Thumb Code     4  errno.o(i.__aeabi_errno_addr)
    __rt_errno_addr                          0x08007a15   Thumb Code     0  errno.o(i.__aeabi_errno_addr)
    __read_errno                             0x08007a1d   Thumb Code     6  errno.o(i.__read_errno)
    __scatterload_copy                       0x08007a29   Thumb Code    14  handlers.o(i.__scatterload_copy)
    __scatterload_null                       0x08007a37   Thumb Code     2  handlers.o(i.__scatterload_null)
    __scatterload_zeroinit                   0x08007a39   Thumb Code    14  handlers.o(i.__scatterload_zeroinit)
    __set_errno                              0x08007a49   Thumb Code     6  errno.o(i.__set_errno)
    _is_digit                                0x08007bd9   Thumb Code    14  scanf_fp.o(i._is_digit)
    atof                                     0x080082f9   Thumb Code    42  atof.o(i.atof)
    __ctype_table                            0x08008349   Data         129  ctype_o.o(.constdata)
    Region$$Table$$Base                      0x080083d0   Number         0  anon$$obj.o(Region$$Table)
    Region$$Table$$Limit                     0x080083f0   Number         0  anon$$obj.o(Region$$Table)
    time_fasongjishu_count                   0x20000000   Data           4  main.o(.data)
    shujufsflag                              0x20000004   Data           1  main.o(.data)
    powerdown_flag                           0x20000005   Data           1  main.o(.data)
    key1_flag                                0x20000008   Data           4  main.o(.data)
    abc_timers_count                         0x2000000c   Data           4  main.o(.data)
    didian_flag                              0x20000010   Data           1  main.o(.data)
    xintiao_flag                             0x20000011   Data           1  main.o(.data)
    zhuiluo_flag                             0x20000012   Data           1  main.o(.data)
    anjianjiaoling_flag                      0x20000013   Data           1  main.o(.data)
    key2_flag                                0x20000014   Data           4  main.o(.data)
    key3_flag                                0x20000018   Data           4  main.o(.data)
    key4_flag                                0x2000001c   Data           4  main.o(.data)
    key5_flag                                0x20000020   Data           4  main.o(.data)
    key4_count                               0x20000024   Data           4  main.o(.data)
    key3_count                               0x20000028   Data           4  main.o(.data)
    key3_count2                              0x2000002c   Data           4  main.o(.data)
    key6_flag                                0x20000030   Data           4  main.o(.data)
    ADC_ConvertedValueLocal                  0x20000034   Data           4  main.o(.data)
    icount                                   0x20000038   Data           1  main.o(.data)
    lianwangok                               0x20000039   Data           1  main.o(.data)
    bat_val                                  0x2000003a   Data           1  main.o(.data)
    bat_lowcnt                               0x2000003c   Data           2  main.o(.data)
    motor_flag                               0x2000003e   Data           1  main.o(.data)
    time_10min_buf                           0x20000040   Data           2  main.o(.data)
    flag                                     0x20000043   Data           7  main.o(.data)
    count                                    0x20000050   Data           4  stm32f10x_it.o(.data)
    count_1                                  0x20000054   Data           4  stm32f10x_it.o(.data)
    shuangjiliangcijishi                     0x20000058   Data           4  stm32f10x_it.o(.data)
    shuangjiliangcijishi_1                   0x2000005c   Data           4  stm32f10x_it.o(.data)
    time                                     0x20000060   Data           2  stm32f10x_it.o(.data)
    IR_cnt                                   0x20000062   Data           2  stm32f10x_it.o(.data)
    IR_flag                                  0x20000064   Data           2  stm32f10x_it.o(.data)
    IR_flag_cnt                              0x20000066   Data           2  stm32f10x_it.o(.data)
    jj_js_flag                               0x20000068   Data           1  stm32f10x_it.o(.data)
    baojing_zitai_flag                       0x20000069   Data           1  stm32f10x_it.o(.data)
    baojing_kakou_flag                       0x2000006a   Data           1  stm32f10x_it.o(.data)
    baojing_kakou_total_flag                 0x2000006b   Data           1  stm32f10x_it.o(.data)
    baojing_kakou_timer                      0x2000006c   Data           1  stm32f10x_it.o(.data)
    baojing_kakou_time_cnt                   0x2000006e   Data           2  stm32f10x_it.o(.data)
    key4_edge                                0x20000070   Data           1  stm32f10x_it.o(.data)
    key3_edge                                0x20000071   Data           1  stm32f10x_it.o(.data)
    init_0_flag                              0x20000072   Data           1  stm32f10x_it.o(.data)
    key21_flag                               0x20000073   Data           1  stm32f10x_it.o(.data)
    busy_flag                                0x20000074   Data           1  stm32f10x_it.o(.data)
    busy_cnt                                 0x20000076   Data           2  stm32f10x_it.o(.data)
    gaoduyuyin_flag                          0x20000078   Data           1  stm32f10x_it.o(.data)
    zhuiluo_buf                              0x2000007a   Data           2  stm32f10x_it.o(.data)
    gd_jiesuo_cnt                            0x2000007c   Data           2  stm32f10x_it.o(.data)
    pilao_flag                               0x2000007e   Data           1  stm32f10x_it.o(.data)
    SystemCoreClock                          0x20000098   Data           4  system_stm32f10x.o(.data)
    AHBPrescTable                            0x2000009c   Data          16  system_stm32f10x.o(.data)
    wendu                                    0x200000ac   Data           4  nb_model.o(.data)
    timersc_Value                            0x200000b0   Data           4  nb_model.o(.data)
    do_Value                                 0x200000b4   Data           4  nb_model.o(.data)
    fasongkongge                             0x200000b8   Data           5  nb_model.o(.data)
    fasonghuiche                             0x200000bd   Data           5  nb_model.o(.data)
    fasongqingqiushangsuo                    0x200000c2   Data           9  nb_model.o(.data)
    fasongjiesuo                             0x200000cb   Data           9  nb_model.o(.data)
    fasongqingqiujiesuo                      0x200000d4   Data           9  nb_model.o(.data)
    fasongqingwucaozuo                       0x200000dd   Data           9  nb_model.o(.data)
    fasongshangsuozhuangtai                  0x200000e6   Data           7  nb_model.o(.data)
    fasongjiesuozhuangtai                    0x200000ed   Data           7  nb_model.o(.data)
    powerdownzhuangtai                       0x200000f4   Data           9  nb_model.o(.data)
    bleConnectZhuangtai                      0x200000fd   Data           9  nb_model.o(.data)
    bleDisConnectZhuangtai                   0x20000106   Data           9  nb_model.o(.data)
    fasongSOS                                0x2000010f   Data           9  nb_model.o(.data)
    w11                                      0x20000118   Data           9  nb_model.o(.data)
    w10                                      0x20000121   Data           9  nb_model.o(.data)
    w21                                      0x2000012a   Data           9  nb_model.o(.data)
    w20                                      0x20000133   Data           9  nb_model.o(.data)
    wg1                                      0x2000013c   Data           9  nb_model.o(.data)
    wh1                                      0x20000145   Data           9  nb_model.o(.data)
    dt_old_tmp                               0x20000150   Data           4  nb_model.o(.data)
    init_0_ok                                0x20000154   Data           1  nb_model.o(.data)
    gd_jiesuo_key                            0x20000155   Data           1  nb_model.o(.data)
    shangsuo_flag                            0x20000156   Data           1  nb_model.o(.data)
    shangsuo_delay                           0x20000157   Data           1  nb_model.o(.data)
    nb_data_cnt                              0x20000158   Data           2  nb_model.o(.data)
    connect_flag_temp                        0x2000015b   Data           1  nb_model.o(.data)
    NB_INIT_FLAG                             0x20000160   Data           1  bsp_nb.o(.data)
    NB_SOCKET_CLOSE_FLAG                     0x20000161   Data           1  bsp_nb.o(.data)
    NB_SOCKET_CREAT_FLAG                     0x20000162   Data           1  bsp_nb.o(.data)
    NB_IMEI_SEARCH_FLAG                      0x20000163   Data           1  bsp_nb.o(.data)
    NB_TCP_CONNECT_FLAG                      0x20000164   Data           1  bsp_nb.o(.data)
    NB_TCP_INIT_GPS_FLAG                     0x20000165   Data           1  bsp_nb.o(.data)
    NB_TCP_TX_FLAG                           0x20000166   Data           1  bsp_nb.o(.data)
    sszcsj_time_count                        0x20000168   Data           4  bsp_nb.o(.data)
    jszcsj_time_count                        0x2000016c   Data           4  bsp_nb.o(.data)
    sszcsj_time_flag                         0x20000170   Data           1  bsp_nb.o(.data)
    ssbzw_flag                               0x20000171   Data           1  bsp_nb.o(.data)
    jsbzw_flag                               0x20000172   Data           1  bsp_nb.o(.data)
    sbjsbz_flag                              0x20000173   Data           1  bsp_nb.o(.data)
    skssys_flag                              0x20000174   Data           1  bsp_nb.o(.data)
    skssys_time                              0x20000178   Data           4  bsp_nb.o(.data)
    skssyswc_flag                            0x2000017c   Data           1  bsp_nb.o(.data)
    shangsuo_time                            0x20000180   Data           4  bsp_nb.o(.data)
    changanshijian                           0x20000184   Data           4  bsp_nb.o(.data)
    fly_mode_cnt                             0x20000188   Data           1  bsp_nb.o(.data)
    open_fly_mode                            0x20000189   Data           1  bsp_nb.o(.data)
    NB_TCP_CLOCK                             0x2000018a   Data           1  bsp_nb.o(.data)
    nb_imei_number                           0x2000018b   Data          20  bsp_nb.o(.data)
    debug_nb_flag                            0x2000019f   Data           1  bsp_nb.o(.data)
    nb_time                                  0x200001a0   Data           1  bsp_nb.o(.data)
    nb_time_flag                             0x200001a1   Data           1  bsp_nb.o(.data)
    connect_on_cnt                           0x200001a2   Data           1  bsp_nb.o(.data)
    play_flag                                0x200001a6   Data           1  bsp_usart5.o(.data)
    nozitai_flag                             0x200001a7   Data           1  bsp_usart5.o(.data)
    vol                                      0x200001a8   Data           5  bsp_usart5.o(.data)
    vol_0                                    0x200001ad   Data           5  bsp_usart5.o(.data)
    mode_single_stop                         0x200001b2   Data           6  bsp_usart5.o(.data)
    set_14                                   0x200001b8   Data           6  bsp_usart5.o(.data)
    set_13                                   0x200001be   Data           6  bsp_usart5.o(.data)
    set_12                                   0x200001c4   Data           6  bsp_usart5.o(.data)
    set_11                                   0x200001ca   Data           6  bsp_usart5.o(.data)
    set_10                                   0x200001d0   Data           6  bsp_usart5.o(.data)
    set_09                                   0x200001d6   Data           6  bsp_usart5.o(.data)
    set_08                                   0x200001dc   Data           6  bsp_usart5.o(.data)
    set_07                                   0x200001e2   Data           6  bsp_usart5.o(.data)
    set_06                                   0x200001e8   Data           6  bsp_usart5.o(.data)
    set_05                                   0x200001ee   Data           6  bsp_usart5.o(.data)
    set_04                                   0x200001f4   Data           6  bsp_usart5.o(.data)
    set_03                                   0x200001fa   Data           6  bsp_usart5.o(.data)
    set_02                                   0x20000200   Data           6  bsp_usart5.o(.data)
    mode_single_tune_circulation             0x20000206   Data           5  bsp_usart5.o(.data)
    stop                                     0x2000020b   Data           4  bsp_usart5.o(.data)
    set_01                                   0x2000020f   Data           6  bsp_usart5.o(.data)
    yy_h_flag                                0x20000215   Data           1  bsp_usart5.o(.data)
    yy_val                                   0x20000216   Data           1  bsp_usart5.o(.data)
    set0_flag                                0x20000217   Data           1  bsp_usart5.o(.data)
    play_flag1                               0x20000218   Data           1  bsp_usart5.o(.data)
    ADC_ConvertedValue                       0x2000021c   Data           2  bsp_adc.o(.data)
    ADC_Convert                              0x2000021e   Data           6  bsp_adc.o(.data)
    ad_num                                   0x20000228   Data           1  bsp_generaltim.o(.data)
    ad_done_flag                             0x20000229   Data           1  bsp_generaltim.o(.data)
    powerdown_anjian                         0x2000022a   Data           1  bsp_generaltim.o(.data)
    guanji_yy_flag                           0x2000022b   Data           1  bsp_generaltim.o(.data)
    presure                                  0x20000240   Data           4  height.o(.data)
    height                                   0x20000244   Data           4  height.o(.data)
    cmd1                                     0x20000248   Data          30  height.o(.data)
    cmd2                                     0x20000266   Data          20  height.o(.data)
    cmd3                                     0x2000027a   Data          20  height.o(.data)
    usart5_rx_flag                           0x20000290   Data           4  height.o(.data)
    usart5_rx_done                           0x20000294   Data           4  height.o(.data)
    usart5_rx_done_cnt                       0x20000298   Data           4  height.o(.data)
    usart5_rx_cnt                            0x2000029c   Data           4  height.o(.data)
    Usart1_Rec_Cnt                           0x200002a4   Data           2  usart.o(.data)
    Usart1_Tx_Cnt                            0x200002a6   Data           2  usart.o(.data)
    usart1_rx_flag                           0x200002a8   Data           1  usart.o(.data)
    __stdout                                 0x200002c0   Data           4  stdout.o(.data)
    RCC_Clocks                               0x200002c8   Data          20  main.o(.bss)
    voltage_value                            0x200002dc   Data          12  main.o(.bss)
    str_nbimei_temp                          0x200002e8   Data          20  nb_model.o(.bss)
    fasongnbimei                             0x200002fc   Data          60  nb_model.o(.bss)
    str_jizhan_temp                          0x20000338   Data          20  nb_model.o(.bss)
    fasongjizhan                             0x2000034c   Data          60  nb_model.o(.bss)
    fasongweidu                              0x20000388   Data          90  nb_model.o(.bss)
    fasongjingdu                             0x200003e2   Data          90  nb_model.o(.bss)
    str_wendu_temp                           0x2000043c   Data          10  nb_model.o(.bss)
    fasongwendu                              0x20000446   Data          30  nb_model.o(.bss)
    str_timersc_temp                         0x20000464   Data          10  nb_model.o(.bss)
    fasongtimersc                            0x2000046e   Data          30  nb_model.o(.bss)
    str_bpm_temp                             0x2000048c   Data          10  nb_model.o(.bss)
    fasongbpm                                0x20000496   Data          30  nb_model.o(.bss)
    str_dt_temp                              0x200004b4   Data          10  nb_model.o(.bss)
    fasongdt                                 0x200004be   Data          30  nb_model.o(.bss)
    str_peizhi_temp                          0x200004dc   Data          10  nb_model.o(.bss)
    fasongpeizhi                             0x200004e6   Data          30  nb_model.o(.bss)
    str_do_temp                              0x20000504   Data          10  nb_model.o(.bss)
    fasongdo                                 0x2000050e   Data          30  nb_model.o(.bss)
    chezaikt_send_data                       0x2000052c   Data        1024  nb_model.o(.bss)
    jizhan_data                              0x2000092c   Data          20  nb_model.o(.bss)
    nb_data                                  0x20000940   Data         200  nb_model.o(.bss)
    rx_temp                                  0x20000a08   Data          30  nb_model.o(.bss)
    time_3630                                0x20000a26   Data          10  nb_model.o(.bss)
    date_3630                                0x20000a30   Data          10  nb_model.o(.bss)
    gps_3630                                 0x20000a3a   Data          40  nb_model.o(.bss)
    nb_tx_chezaikt_shuju                     0x20000a64   Data        1000  bsp_nb.o(.bss)
    nbioinfo                                 0x20000e4c   Data         212  bsp_nb.o(.bss)
    value_buf                                0x20000f20   Data         200  bsp_generaltim.o(.bss)
    usart5_rx_buf                            0x20000fe8   Data         100  height.o(.bss)
    DMA_Rece_Buf                             0x2000104c   Data         500  usart.o(.bss)
    DMA_Tx_Buf                               0x20001240   Data        1000  usart.o(.bss)
    gsa_data                                 0x20001628   Data         100  usart.o(.bss)
    ble_mac                                  0x2000168c   Data         132  flash.o(.bss)
    peizhi                                   0x20001710   Data          10  flash.o(.bss)
    temp                                     0x2000171a   Data         500  flash.o(.bss)
    __initial_sp                             0x20001d10   Data           0  startup_stm32f10x_hd.o(STACK)



==============================================================================

Memory Map of the image

  Image Entry point : 0x08000131

  Load Region LR_IROM1 (Base: 0x08000000, Size: 0x000086b8, Max: 0x00040000, ABSOLUTE, COMPRESSED[0x0000850c])

    Execution Region ER_IROM1 (Exec base: 0x08000000, Load base: 0x08000000, Size: 0x000083f0, Max: 0x00040000, ABSOLUTE)

    Exec Addr    Load Addr    Size         Type   Attr      Idx    E Section Name        Object

    0x08000000   0x08000000   0x00000130   Data   RO          521    RESET               startup_stm32f10x_hd.o
    0x08000130   0x08000130   0x00000000   Code   RO          676  * .ARM.Collect$$$$00000000  mc_w.l(entry.o)
    0x08000130   0x08000130   0x00000004   Code   RO          984    .ARM.Collect$$$$00000001  mc_w.l(entry2.o)
    0x08000134   0x08000134   0x00000004   Code   RO          987    .ARM.Collect$$$$00000004  mc_w.l(entry5.o)
    0x08000138   0x08000138   0x00000000   Code   RO          989    .ARM.Collect$$$$00000008  mc_w.l(entry7b.o)
    0x08000138   0x08000138   0x00000000   Code   RO          991    .ARM.Collect$$$$0000000A  mc_w.l(entry8b.o)
    0x08000138   0x08000138   0x00000008   Code   RO          992    .ARM.Collect$$$$0000000B  mc_w.l(entry9a.o)
    0x08000140   0x08000140   0x00000004   Code   RO          999    .ARM.Collect$$$$0000000E  mc_w.l(entry12b.o)
    0x08000144   0x08000144   0x00000000   Code   RO          994    .ARM.Collect$$$$0000000F  mc_w.l(entry10a.o)
    0x08000144   0x08000144   0x00000000   Code   RO          996    .ARM.Collect$$$$00000011  mc_w.l(entry11a.o)
    0x08000144   0x08000144   0x00000004   Code   RO          985    .ARM.Collect$$$$00002712  mc_w.l(entry2.o)
    0x08000148   0x08000148   0x0000052c   Code   RO            1    .text               main.o
    0x08000674   0x08000674   0x00000910   Code   RO          166    .text               stm32f10x_it.o
    0x08000f84   0x08000f84   0x000001e0   Code   RO          226    .text               system_stm32f10x.o
    0x08001164   0x08001164   0x00001264   Code   RO          244    .text               nb_model.o
    0x080023c8   0x080023c8   0x000005ec   Code   RO          286    .text               bsp_nb.o
    0x080029b4   0x080029b4   0x000005b0   Code   RO          311    .text               bsp_usart5.o
    0x08002f64   0x08002f64   0x00000310   Code   RO          337    .text               bsp_adc.o
    0x08003274   0x08003274   0x000004ec   Code   RO          353    .text               bsp_generaltim.o
    0x08003760   0x08003760   0x000002dc   Code   RO          376    .text               height.o
    0x08003a3c   0x08003a3c   0x000000d4   Code   RO          395    .text               delay.o
    0x08003b10   0x08003b10   0x000002f0   Code   RO          426    .text               bsp_key.o
    0x08003e00   0x08003e00   0x000000e0   Code   RO          438    .text               bsp_led.o
    0x08003ee0   0x08003ee0   0x00000350   Code   RO          450    .text               usart.o
    0x08004230   0x08004230   0x00000080   Code   RO          470    .text               rl_control.o
    0x080042b0   0x080042b0   0x00000118   Code   RO          494    .text               flash.o
    0x080043c8   0x080043c8   0x00000024   Code   RO          522    .text               startup_stm32f10x_hd.o
    0x080043ec   0x080043ec   0x000000dc   Code   RO          526    .text               misc.o
    0x080044c8   0x080044c8   0x0000035c   Code   RO          538    .text               stm32f10x_gpio.o
    0x08004824   0x08004824   0x000003a4   Code   RO          550    .text               stm32f10x_rcc.o
    0x08004bc8   0x08004bc8   0x00000408   Code   RO          564    .text               stm32f10x_usart.o
    0x08004fd0   0x08004fd0   0x00000e1a   Code   RO          576    .text               stm32f10x_tim.o
    0x08005dea   0x08005dea   0x00000002   PAD
    0x08005dec   0x08005dec   0x0000044e   Code   RO          588    .text               stm32f10x_adc.o
    0x0800623a   0x0800623a   0x00000002   PAD
    0x0800623c   0x0800623c   0x00000254   Code   RO          612    .text               stm32f10x_dma.o
    0x08006490   0x08006490   0x0000011c   Code   RO          624    .text               stm32f10x_exti.o
    0x080065ac   0x080065ac   0x000005bc   Code   RO          636    .text               stm32f10x_flash.o
    0x08006b68   0x08006b68   0x00000024   Code   RO          679    .text               mc_w.l(memcpya.o)
    0x08006b8c   0x08006b8c   0x00000024   Code   RO          681    .text               mc_w.l(memseta.o)
    0x08006bb0   0x08006bb0   0x00000018   Code   RO          683    .text               mc_w.l(strcat.o)
    0x08006bc8   0x08006bc8   0x00000024   Code   RO          685    .text               mc_w.l(strstr.o)
    0x08006bec   0x08006bec   0x00000018   Code   RO          687    .text               mc_w.l(strncpy.o)
    0x08006c04   0x08006c04   0x0000000e   Code   RO          689    .text               mc_w.l(strlen.o)
    0x08006c12   0x08006c12   0x00000012   Code   RO          691    .text               mc_w.l(strcpy.o)
    0x08006c24   0x08006c24   0x0000001a   Code   RO          956    .text               mc_w.l(atoi.o)
    0x08006c3e   0x08006c3e   0x00000064   Code   RO          958    .text               mf_w.l(fmul.o)
    0x08006ca2   0x08006ca2   0x0000007c   Code   RO          960    .text               mf_w.l(fdiv.o)
    0x08006d1e   0x08006d1e   0x0000014e   Code   RO          962    .text               mf_w.l(dadd.o)
    0x08006e6c   0x08006e6c   0x000000e4   Code   RO          964    .text               mf_w.l(dmul.o)
    0x08006f50   0x08006f50   0x000000de   Code   RO          966    .text               mf_w.l(ddiv.o)
    0x0800702e   0x0800702e   0x0000000a   Code   RO          968    .text               mf_w.l(ffltui.o)
    0x08007038   0x08007038   0x00000032   Code   RO          970    .text               mf_w.l(ffixi.o)
    0x0800706a   0x0800706a   0x00000032   Code   RO          972    .text               mf_w.l(dfixui.o)
    0x0800709c   0x0800709c   0x00000026   Code   RO          974    .text               mf_w.l(f2d.o)
    0x080070c2   0x080070c2   0x00000002   PAD
    0x080070c4   0x080070c4   0x00000030   Code   RO          976    .text               mf_w.l(cdcmple.o)
    0x080070f4   0x080070f4   0x00000030   Code   RO          978    .text               mf_w.l(cdrcmple.o)
    0x08007124   0x08007124   0x00000038   Code   RO          980    .text               mf_w.l(d2f.o)
    0x0800715c   0x0800715c   0x00000014   Code   RO          982    .text               mf_w.l(cfrcmple.o)
    0x08007170   0x08007170   0x0000002c   Code   RO         1001    .text               mc_w.l(uidiv.o)
    0x0800719c   0x0800719c   0x00000062   Code   RO         1003    .text               mc_w.l(uldiv.o)
    0x080071fe   0x080071fe   0x0000001e   Code   RO         1005    .text               mc_w.l(llshl.o)
    0x0800721c   0x0800721c   0x00000020   Code   RO         1007    .text               mc_w.l(llushr.o)
    0x0800723c   0x0800723c   0x00000024   Code   RO         1009    .text               mc_w.l(llsshr.o)
    0x08007260   0x08007260   0x0000009c   Code   RO         1018    .text               mc_w.l(strtod.o)
    0x080072fc   0x080072fc   0x00000070   Code   RO         1020    .text               mc_w.l(strtol.o)
    0x0800736c   0x0800736c   0x00000000   Code   RO         1022    .text               mc_w.l(iusefp.o)
    0x0800736c   0x0800736c   0x0000006e   Code   RO         1023    .text               mf_w.l(fepilogue.o)
    0x080073da   0x080073da   0x000000ba   Code   RO         1025    .text               mf_w.l(depilogue.o)
    0x08007494   0x08007494   0x00000030   Code   RO         1027    .text               mf_w.l(dfixul.o)
    0x080074c4   0x080074c4   0x00000024   Code   RO         1029    .text               mc_w.l(init.o)
    0x080074e8   0x080074e8   0x00000008   Code   RO         1033    .text               mc_w.l(ctype_o.o)
    0x080074f0   0x080074f0   0x00000012   Code   RO         1055    .text               mc_w.l(isspace_o.o)
    0x08007502   0x08007502   0x00000002   PAD
    0x08007504   0x08007504   0x00000360   Code   RO         1061    .text               mc_w.l(scanf_fp.o)
    0x08007864   0x08007864   0x00000040   Code   RO         1065    .text               mc_w.l(_sgetc.o)
    0x080078a4   0x080078a4   0x0000009e   Code   RO         1067    .text               mc_w.l(_strtoul.o)
    0x08007942   0x08007942   0x0000001c   Code   RO         1072    .text               mc_w.l(_chval.o)
    0x0800795e   0x0800795e   0x00000018   Code   RO         1074    .text               mf_w.l(dfltul.o)
    0x08007976   0x08007976   0x00000056   Code   RO         1084    .text               mc_w.l(__dczerorl2.o)
    0x080079cc   0x080079cc   0x00000020   Code   RO          928    i.__0printf         mc_w.l(printfa.o)
    0x080079ec   0x080079ec   0x00000028   Code   RO          930    i.__0sprintf        mc_w.l(printfa.o)
    0x08007a14   0x08007a14   0x00000008   Code   RO         1011    i.__aeabi_errno_addr  mc_w.l(errno.o)
    0x08007a1c   0x08007a1c   0x0000000c   Code   RO         1012    i.__read_errno      mc_w.l(errno.o)
    0x08007a28   0x08007a28   0x0000000e   Code   RO         1078    i.__scatterload_copy  mc_w.l(handlers.o)
    0x08007a36   0x08007a36   0x00000002   Code   RO         1079    i.__scatterload_null  mc_w.l(handlers.o)
    0x08007a38   0x08007a38   0x0000000e   Code   RO         1080    i.__scatterload_zeroinit  mc_w.l(handlers.o)
    0x08007a46   0x08007a46   0x00000002   PAD
    0x08007a48   0x08007a48   0x0000000c   Code   RO         1013    i.__set_errno       mc_w.l(errno.o)
    0x08007a54   0x08007a54   0x00000184   Code   RO          935    i._fp_digits        mc_w.l(printfa.o)
    0x08007bd8   0x08007bd8   0x0000000e   Code   RO         1063    i._is_digit         mc_w.l(scanf_fp.o)
    0x08007be6   0x08007be6   0x00000002   PAD
    0x08007be8   0x08007be8   0x000006b4   Code   RO          936    i._printf_core      mc_w.l(printfa.o)
    0x0800829c   0x0800829c   0x00000024   Code   RO          937    i._printf_post_padding  mc_w.l(printfa.o)
    0x080082c0   0x080082c0   0x0000002e   Code   RO          938    i._printf_pre_padding  mc_w.l(printfa.o)
    0x080082ee   0x080082ee   0x0000000a   Code   RO          940    i._sputc            mc_w.l(printfa.o)
    0x080082f8   0x080082f8   0x0000002a   Code   RO          673    i.atof              m_ws.l(atof.o)
    0x08008322   0x08008322   0x00000002   PAD
    0x08008324   0x08008324   0x0000000c   Data   RO          288    .constdata          bsp_nb.o
    0x08008330   0x08008330   0x00000019   Data   RO          452    .constdata          usart.o
    0x08008349   0x08008349   0x00000081   Data   RO         1034    .constdata          mc_w.l(ctype_o.o)
    0x080083ca   0x080083ca   0x00000002   PAD
    0x080083cc   0x080083cc   0x00000004   Data   RO         1035    .constdata          mc_w.l(ctype_o.o)
    0x080083d0   0x080083d0   0x00000020   Data   RO         1076    Region$$Table       anon$$obj.o


    Execution Region RW_IRAM1 (Exec base: 0x20000000, Load base: 0x080083f0, Size: 0x00001d10, Max: 0x0000c000, ABSOLUTE, COMPRESSED[0x0000011c])

    Exec Addr    Load Addr    Size         Type   Attr      Idx    E Section Name        Object

    0x20000000   COMPRESSED   0x0000004d   Data   RW            3    .data               main.o
    0x2000004d   COMPRESSED   0x00000003   PAD
    0x20000050   COMPRESSED   0x00000046   Data   RW          167    .data               stm32f10x_it.o
    0x20000096   COMPRESSED   0x00000002   PAD
    0x20000098   COMPRESSED   0x00000014   Data   RW          227    .data               system_stm32f10x.o
    0x200000ac   COMPRESSED   0x000000b1   Data   RW          246    .data               nb_model.o
    0x2000015d   COMPRESSED   0x00000003   PAD
    0x20000160   COMPRESSED   0x00000046   Data   RW          289    .data               bsp_nb.o
    0x200001a6   COMPRESSED   0x00000074   Data   RW          312    .data               bsp_usart5.o
    0x2000021a   COMPRESSED   0x00000002   PAD
    0x2000021c   COMPRESSED   0x0000000c   Data   RW          338    .data               bsp_adc.o
    0x20000228   COMPRESSED   0x00000018   Data   RW          355    .data               bsp_generaltim.o
    0x20000240   COMPRESSED   0x00000060   Data   RW          378    .data               height.o
    0x200002a0   COMPRESSED   0x00000004   Data   RW          396    .data               delay.o
    0x200002a4   COMPRESSED   0x00000005   Data   RW          453    .data               usart.o
    0x200002a9   COMPRESSED   0x00000014   Data   RW          551    .data               stm32f10x_rcc.o
    0x200002bd   COMPRESSED   0x00000003   PAD
    0x200002c0   COMPRESSED   0x00000004   Data   RW         1000    .data               mc_w.l(stdout.o)
    0x200002c4   COMPRESSED   0x00000004   Data   RW         1014    .data               mc_w.l(errno.o)
    0x200002c8        -       0x00000020   Zero   RW            2    .bss                main.o
    0x200002e8        -       0x0000077a   Zero   RW          245    .bss                nb_model.o
    0x20000a62   COMPRESSED   0x00000002   PAD
    0x20000a64        -       0x000004bc   Zero   RW          287    .bss                bsp_nb.o
    0x20000f20        -       0x000000c8   Zero   RW          354    .bss                bsp_generaltim.o
    0x20000fe8        -       0x00000064   Zero   RW          377    .bss                height.o
    0x2000104c        -       0x00000640   Zero   RW          451    .bss                usart.o
    0x2000168c        -       0x00000282   Zero   RW          495    .bss                flash.o
    0x2000190e   COMPRESSED   0x00000002   PAD
    0x20001910        -       0x00000400   Zero   RW          519    STACK               startup_stm32f10x_hd.o


==============================================================================

Image component sizes


      Code (inc. data)   RO Data    RW Data    ZI Data      Debug   Object Name

       784         48          0         12          0       2375   bsp_adc.o
      1260         98          0         24        200       4131   bsp_generaltim.o
       752         12          0          0          0       1837   bsp_key.o
       224         18          0          0          0        988   bsp_led.o
      1516        288         12         70       1212       7371   bsp_nb.o
      1456        138          0        116          0       6020   bsp_usart5.o
       212         18          0          4          0        983   delay.o
       280         22          0          0        642       2429   flash.o
       732         82          0         96        100       3772   height.o
      1324        178          0         77         32     300659   main.o
       220         22          0          0          0       1741   misc.o
      4708        654          0        177       1914      12715   nb_model.o
       128         10          0          0          0        498   rl_control.o
        36          8        304          0       1024        764   startup_stm32f10x_hd.o
      1102         26          0          0          0      10985   stm32f10x_adc.o
       596          8          0          0          0       4306   stm32f10x_dma.o
       284         10          0          0          0       2199   stm32f10x_exti.o
      1468         34          0          0          0       8150   stm32f10x_flash.o
       860         38          0          0          0       5673   stm32f10x_gpio.o
      2320        340          0         70          0     207834   stm32f10x_it.o
       932         36          0         20          0       8824   stm32f10x_rcc.o
      3610         88          0          0          0      22784   stm32f10x_tim.o
      1032         22          0          0          0       8400   stm32f10x_usart.o
         0          0          0          0          0         32   sys.o
       480         38          0         20          0       1647   system_stm32f10x.o
       848         36         25          5       1600       3615   usart.o

    ----------------------------------------------------------------------
     27168       2272        373        704       6728     630732   Object Totals
         0          0         32          0          0          0   (incl. Generated)
         4          0          0         13          4          0   (incl. Padding)

    ----------------------------------------------------------------------

      Code (inc. data)   RO Data    RW Data    ZI Data      Debug   Library Member Name

        42          0          0          0          0         84   atof.o
        86          0          0          0          0          0   __dczerorl2.o
        28          0          0          0          0         68   _chval.o
        64          0          0          0          0         84   _sgetc.o
       158          0          0          0          0         92   _strtoul.o
        26          0          0          0          0         80   atoi.o
         8          4        133          0          0         68   ctype_o.o
         0          0          0          0          0          0   entry.o
         0          0          0          0          0          0   entry10a.o
         0          0          0          0          0          0   entry11a.o
         4          0          0          0          0          0   entry12b.o
         8          4          0          0          0          0   entry2.o
         4          0          0          0          0          0   entry5.o
         0          0          0          0          0          0   entry7b.o
         0          0          0          0          0          0   entry8b.o
         8          4          0          0          0          0   entry9a.o
        32         16          0          4          0        204   errno.o
        30          0          0          0          0          0   handlers.o
        36          8          0          0          0         68   init.o
        18          0          0          0          0         76   isspace_o.o
         0          0          0          0          0          0   iusefp.o
        30          0          0          0          0         68   llshl.o
        36          0          0          0          0         68   llsshr.o
        32          0          0          0          0         68   llushr.o
        36          0          0          0          0         68   memcpya.o
        36          0          0          0          0        108   memseta.o
      2268         96          0          0          0        616   printfa.o
       878         12          0          0          0        216   scanf_fp.o
         0          0          0          4          0          0   stdout.o
        24          0          0          0          0         68   strcat.o
        18          0          0          0          0         68   strcpy.o
        14          0          0          0          0         68   strlen.o
        24          0          0          0          0         76   strncpy.o
        36          0          0          0          0         80   strstr.o
       156         12          0          0          0        120   strtod.o
       112          0          0          0          0         88   strtol.o
        44          0          0          0          0         80   uidiv.o
        98          0          0          0          0         92   uldiv.o
        48          0          0          0          0         68   cdcmple.o
        48          0          0          0          0         68   cdrcmple.o
        20          0          0          0          0         68   cfrcmple.o
        56          0          0          0          0         88   d2f.o
       334          0          0          0          0        148   dadd.o
       222          0          0          0          0        100   ddiv.o
       186          0          0          0          0        176   depilogue.o
        50          0          0          0          0         76   dfixui.o
        48          0          0          0          0         68   dfixul.o
        24          0          0          0          0         76   dfltul.o
       228          0          0          0          0         96   dmul.o
        38          0          0          0          0         68   f2d.o
       124          0          0          0          0         88   fdiv.o
       110          0          0          0          0        168   fepilogue.o
        50          0          0          0          0         68   ffixi.o
        10          0          0          0          0         68   ffltui.o
       100          0          0          0          0         76   fmul.o

    ----------------------------------------------------------------------
      6100        156        135          8          0       4344   Library Totals
        10          0          2          0          0          0   (incl. Padding)

    ----------------------------------------------------------------------

      Code (inc. data)   RO Data    RW Data    ZI Data      Debug   Library Name

        42          0          0          0          0         84   m_ws.l
      4352        156        133          8          0       2692   mc_w.l
      1696          0          0          0          0       1568   mf_w.l

    ----------------------------------------------------------------------
      6100        156        135          8          0       4344   Library Totals

    ----------------------------------------------------------------------

==============================================================================


      Code (inc. data)   RO Data    RW Data    ZI Data      Debug   

     33268       2428        508        712       6728     630576   Grand Totals
     33268       2428        508        284       6728     630576   ELF Image Totals (compressed)
     33268       2428        508        284          0          0   ROM Totals

==============================================================================

    Total RO  Size (Code + RO Data)                33776 (  32.98kB)
    Total RW  Size (RW Data + ZI Data)              7440 (   7.27kB)
    Total ROM Size (Code + RO Data + RW Data)      34060 (  33.26kB)

==============================================================================

